# comment
ENV10=B
ENV11=C
ENV12=D
ENV13=123
ENV14=345
ENV15=777
ENV16=alpha
ENV17=beta
ENV18=alpha12
ENV19=beta13

# comment
A_ENV_11=B
A_ENV_12=C
A_ENV_13=D
A_ENV_14=123
A_ENV_15=345

# multiline values
M_ENV1='{
    "first": 1,
    "second": 1
  }'
M_ENV2="# yml file
    fields: 
      first: 1
      second: 1
"
