
# dotenv-linter:off UnorderedKey
_ENV=000
A=B
A_ENV_11=B
A_ENV_12=C
A_ENV_13=D
A_ENV_14=123
A_ENV_15=345
AB_ENV_16=777
AB_ENV_17=alpha
AB_ENV_18=beta
AB_ENV_19=alpha12
AB_ENV_20=beta13
B=C
C=D
D=123
# dotenv-linter:off SpaceCharacter
E=345
ENV11=C
# A_ENV_12=C
SOME_ENV_WITHOUT_EQ=
ANOTHER_ENV=
ENV12_=D
# dotenv-linter:on UnorderedKey

# comment

# Another
# multiline
# comment
# ANOTHER_ENV=
# A_ENV_12=C
ENV10=B
# ENV11=C
# ENV12_=D
# single line comment
ENV13=123
ENV14=345
# Multiline
# comment
SOME_ENV=
VAR_1 = 1234
VAR_2=1234
VAR_3=1234
VAR_4=1234
# dotenv-linter:on SpaceCharacter
# AB_ENV_19=alpha14
# AB_ENV_19=alpha12
ENV15=777
ENV16=alpha
ENV18=alpha12
ENV19=beta13
ENV21=2
ENV22=3
ENV_17=beta
F=777
G=alpha
H=beta
I=alpha12
J=beta13
KEY=VALUE
# dotenv-linter:off QuoteCharacter
ENV24='key56'
VAR_1=1234
# VAR_2=1234
# VAR_3=1234
# VAR_4=1234
VAR_5=1234
VAR_6=1234
VAR_7=1234
# dotenv-linter:on QuoteCharacter

# multiline values & ordering:

ABC=FOO
M_ENV1='{
    "first": 1,
    "second": 1
  }'
M_ENV2='multiline \'escaped\'
    value'
M_ENV3=" #yml file
  fields:
    first: 1
    second: 2
"
M_ENV4="multiline \"escaped\"
    value"
ZOO=BAR
